MPLINK 4.15, Linker
Linker Map File - Created Fri Oct 24 16:39:53 2014

                                 Section Info
                  Section       Type    Address   Location Size(Bytes)
                ---------  ---------  ---------  ---------  ---------
               _entry_scn       code   0x000000    program   0x000006
  _RESET_INTERRUPT_VECTOR       code   0x000800    program   0x000006
    high_interrupt_vector       code   0x000808    program   0x000006
    _LOW_INTERRUPT_VECTOR       code   0x000818    program   0x000002
                   .cinit    romdata   0x00082a    program   0x00000e
             .code_user.o       code   0x000838    program   0x0005e6
             .code_usb9.o       code   0x000e1e    program   0x00030c
       .code_usbctrltrf.o       code   0x00112a    program   0x0002b2
      .code_SPIprotocol.o       code   0x0013dc    program   0x0001a2
      .code_temperature.o       code   0x00157e    program   0x00019e
           .code_usbdrv.o       code   0x00171c    program   0x000178
           .code_usbgen.o       code   0x001894    program   0x00011e
        .romdata_usbdsc.o    romdata   0x0019b2    program   0x0000b8
               _cinit_scn       code   0x001a6a    program   0x00009e
             .code_main.o       code   0x001b08    program   0x00006a
         .code_spi_open.o       code   0x001b72    program   0x000064
         .code_fxd1616u.o       code   0x001bd6    program   0x00002c
             _startup_scn       code   0x001c02    program   0x00001c
                    .code       code   0x001c1e    program   0x00000e
         .code_spi_read.o       code   0x001c2c    program   0x00000a
           .code___init.o       code   0x001c36    program   0x000002
          .romdata_main.o    romdata   0x001c38    program   0x000000
   .romdata_SPIprotocol.o    romdata   0x001c38    program   0x000000
      .romdata_fxd1616u.o    romdata   0x001c38    program   0x000000
        .romdata_usbgen.o    romdata   0x001c38    program   0x000000
   .romdata_temperature.o    romdata   0x001c38    program   0x000000
         .romdata_c018i.o    romdata   0x001c38    program   0x000000
          .romdata_user.o    romdata   0x001c38    program   0x000000
          .idata_user.o_i    romdata   0x001c38    program   0x000002
      .romdata_spi_open.o    romdata   0x001c38    program   0x000000
    .romdata_usbctrltrf.o    romdata   0x001c38    program   0x000000
       .romdata_usbmmap.o    romdata   0x001c38    program   0x000000
        .romdata___init.o    romdata   0x001c38    program   0x000000
      .romdata_spi_read.o    romdata   0x001c38    program   0x000000
          .romdata_usb9.o    romdata   0x001c38    program   0x000000
        .romdata_usbdrv.o    romdata   0x001c38    program   0x000000
      .idata_spi_open.o_i    romdata   0x001c3a    program   0x000000
      .idata_spi_read.o_i    romdata   0x001c3a    program   0x000000
         .idata_c018i.o_i    romdata   0x001c3a    program   0x000000
        .idata___init.o_i    romdata   0x001c3a    program   0x000000
      .idata_fxd1616u.o_i    romdata   0x001c3a    program   0x000000
   .idata_SPIprotocol.o_i    romdata   0x001c3a    program   0x000000
        .idata_usbgen.o_i    romdata   0x001c3a    program   0x000000
   .idata_temperature.o_i    romdata   0x001c3a    program   0x000000
            .code_c018i.o       code   0x001c3a    program   0x000000
    .idata_usbctrltrf.o_i    romdata   0x001c3a    program   0x000000
           .code_usbdsc.o       code   0x001c3a    program   0x000000
        .idata_usbdsc.o_i    romdata   0x001c3a    program   0x000000
          .idata_usb9.o_i    romdata   0x001c3a    program   0x000000
        .idata_usbdrv.o_i    romdata   0x001c3a    program   0x000000
          .code_usbmmap.o       code   0x001c3a    program   0x000000
       .idata_usbmmap.o_i    romdata   0x001c3a    program   0x000000
          .idata_main.o_i    romdata   0x001c3a    program   0x000000
                MATH_DATA      udata   0x000000       data   0x000010
                 .tmpdata      udata   0x000010       data   0x000002
            .udata_user.o      udata   0x000060       data   0x000043
     .udata_temperature.o      udata   0x0000a3       data   0x00000c
           .udata_c018i.o      udata   0x0000af       data   0x00000a
      .udata_usbctrltrf.o      udata   0x0000b9       data   0x000008
         .udata_usbmmap.o      udata   0x0000c1       data   0x000004
          .udata_usbdrv.o      udata   0x0000c5       data   0x000002
            .idata_user.o      idata   0x0000c7       data   0x000002
          .udata_usbgen.o      udata   0x0000c9       data   0x000001
          .idata_usbgen.o      idata   0x0000ca       data   0x000000
     .udata_SPIprotocol.o      udata   0x0000ca       data   0x000000
     .idata_SPIprotocol.o      idata   0x0000ca       data   0x000000
        .udata_fxd1616u.o      udata   0x0000ca       data   0x000000
        .idata_fxd1616u.o      idata   0x0000ca       data   0x000000
        .udata_spi_open.o      udata   0x0000ca       data   0x000000
        .idata_spi_open.o      idata   0x0000ca       data   0x000000
        .udata_spi_read.o      udata   0x0000ca       data   0x000000
        .idata_spi_read.o      idata   0x0000ca       data   0x000000
          .udata___init.o      udata   0x0000ca       data   0x000000
          .idata___init.o      idata   0x0000ca       data   0x000000
     .idata_temperature.o      idata   0x0000ca       data   0x000000
      .idata_usbctrltrf.o      idata   0x0000ca       data   0x000000
          .idata_usbdsc.o      idata   0x0000ca       data   0x000000
          .udata_usbdsc.o      udata   0x0000ca       data   0x000000
            .idata_usb9.o      idata   0x0000ca       data   0x000000
            .udata_usb9.o      udata   0x0000ca       data   0x000000
          .idata_usbdrv.o      idata   0x0000ca       data   0x000000
         .idata_usbmmap.o      idata   0x0000ca       data   0x000000
            .idata_main.o      idata   0x0000ca       data   0x000000
            .udata_main.o      udata   0x0000ca       data   0x000000
           .idata_c018i.o      idata   0x0000ca       data   0x000000
                   .stack      udata   0x000300       data   0x000100
                  usbram4      udata   0x000400       data   0x0000a8
            SFR_UNBANKED0      udata   0x000f62       data   0x00009e



                              Program Memory Usage 
                               Start         End      
                           ---------   ---------      
                            0x000000    0x000005      
                            0x000800    0x000805      
                            0x000808    0x00080d      
                            0x000818    0x000819      
                            0x00082a    0x001c39      
            5156 out of 33048 program addresses used, program memory utilization is 15%



                              Symbols - Sorted by Name
                     Name    Address   Location    Storage File                     
                ---------  ---------  ---------  --------- ---------                
       AcquireTemperature   0x0015a4    program     extern C:\PIC5\PIC\user\temperature.c
           BlinkUSBStatus   0x000b64    program     extern C:\PIC5\PIC\user\user.c  
               ClearArray   0x00186a    program     extern C:\PIC5\PIC\system\usb\usbdrv\usbdrv.c
                 FXD1616U   0x001bd6    program     extern C:\MCC18\src\traditional\math\fxd1616u.c
           InitTempSensor   0x00157e    program     extern C:\PIC5\PIC\user\temperature.c
         InitializeSystem   0x001b40    program     static C:\PIC5\PIC\main.c       
                  OpenSPI   0x001b72    program     extern C:\MCC18\src\pmc_common\SPI\spi_open.c
 PICDEMFSUSBDemoBoardTest   0x000c5c    program     extern C:\PIC5\PIC\user\user.c  
                ProcessIO   0x00085a    program     extern C:\PIC5\PIC\user\user.c  
                  ReadSPI   0x001c2c    program     extern C:\MCC18\src\pmc_common\SPI\spi_read.c
    ReadWithSPIHalfDuplex   0x0013dc    program     extern C:\PIC5\PIC\SPIprotocol.c
          ServiceRequests   0x000870    program     extern C:\PIC5\PIC\user\user.c  
         Switch2IsPressed   0x000bf6    program     extern C:\PIC5\PIC\user\user.c  
         Switch3IsPressed   0x000c1c    program     extern C:\PIC5\PIC\user\user.c  
                   TXbyte   0x000c42    program     extern C:\PIC5\PIC\user\user.c  
        USBCheckBusStatus   0x00171c    program     extern C:\PIC5\PIC\system\usb\usbdrv\usbdrv.c
       USBCheckStdRequest   0x000e1e    program     extern C:\PIC5\PIC\system\usb\usb9\usb9.c
         USBCtrlEPService   0x00112a    program     extern C:\PIC5\PIC\system\usb\usbctrltrf\usbctrltrf.c
 USBCtrlEPServiceComplete   0x001334    program     extern C:\PIC5\PIC\system\usb\usbctrltrf\usbctrltrf.c
      USBCtrlTrfInHandler   0x0011a4    program     extern C:\PIC5\PIC\system\usb\usbctrltrf\usbctrltrf.c
     USBCtrlTrfOutHandler   0x001184    program     extern C:\PIC5\PIC\system\usb\usbctrltrf\usbctrltrf.c
      USBCtrlTrfRxService   0x0012ba    program     extern C:\PIC5\PIC\system\usb\usbctrltrf\usbctrltrf.c
   USBCtrlTrfSetupHandler   0x001160    program     extern C:\PIC5\PIC\system\usb\usbctrltrf\usbctrltrf.c
      USBCtrlTrfTxService   0x0011de    program     extern C:\PIC5\PIC\system\usb\usbctrltrf\usbctrltrf.c
         USBDriverService   0x00175e    program     extern C:\PIC5\PIC\system\usb\usbdrv\usbdrv.c
          USBErrorHandler   0x001822    program     extern C:\PIC5\PIC\system\usb\usbdrv\usbdrv.c
             USBGenInitEP   0x001894    program     extern C:\PIC5\PIC\system\usb\class\generic\usbgen.c
               USBGenRead   0x001932    program     extern C:\PIC5\PIC\system\usb\class\generic\usbgen.c
              USBGenWrite   0x0018be    program     extern C:\PIC5\PIC\system\usb\class\generic\usbgen.c
         USBModuleDisable   0x001750    program     extern C:\PIC5\PIC\system\usb\usbdrv\usbdrv.c
          USBModuleEnable   0x001742    program     extern C:\PIC5\PIC\system\usb\usbdrv\usbdrv.c
USBPrepareForNextSetupTrf   0x0013c0    program     extern C:\PIC5\PIC\system\usb\usbctrltrf\usbctrltrf.c
  USBProtocolResetHandler   0x001826    program     extern C:\PIC5\PIC\system\usb\usbdrv\usbdrv.c
          USBRemoteWakeup   0x0017ec    program     extern C:\PIC5\PIC\system\usb\usbdrv\usbdrv.c
            USBSoftDetach   0x00175a    program     extern C:\PIC5\PIC\system\usb\usbdrv\usbdrv.c
          USBStallHandler   0x001814    program     extern C:\PIC5\PIC\system\usb\usbdrv\usbdrv.c
  USBStdFeatureReqHandler   0x001088    program     extern C:\PIC5\PIC\system\usb\usb9\usb9.c
      USBStdGetDscHandler   0x000ee0    program     extern C:\PIC5\PIC\system\usb\usb9\usb9.c
   USBStdGetStatusHandler   0x000fe8    program     extern C:\PIC5\PIC\system\usb\usb9\usb9.c
      USBStdSetCfgHandler   0x000f98    program     extern C:\PIC5\PIC\system\usb\usb9\usb9.c
               USBSuspend   0x0017dc    program     extern C:\PIC5\PIC\system\usb\usbdrv\usbdrv.c
                 USBTasks   0x001b64    program     extern C:\PIC5\PIC\main.c       
       USBWakeFromSuspend   0x0017e4    program     extern C:\PIC5\PIC\system\usb\usbdrv\usbdrv.c
               USB_CD_Ptr   0x001a60    program     extern C:\PIC5\PIC\autofiles\usbdsc.c
               USB_SD_Ptr   0x001a64    program     extern C:\PIC5\PIC\autofiles\usbdsc.c
          USB_SOF_Handler   0x001810    program     extern C:\PIC5\PIC\system\usb\usbdrv\usbdrv.c
       UpdateCelsiusASCII   0x0015c6    program     extern C:\PIC5\PIC\user\temperature.c
                 UserInit   0x000838    program     extern C:\PIC5\PIC\user\user.c  
   WriteWithSPIHalfDuplex   0x00147e    program     extern C:\PIC5\PIC\SPIprotocol.c
          ___for_lbl00001   0x001426    program     static                          
          ___for_lbl00002   0x00142a    program     static                          
          ___for_lbl00003   0x0013f8    program     static                          
          ___for_lbl00004   0x00145a    program     static                          
          ___for_lbl00005   0x00145e    program     static                          
          ___for_lbl00006   0x001430    program     static                          
          ___for_lbl00008   0x0014ea    program     static                          
          ___for_lbl00009   0x0014ee    program     static                          
          ___for_lbl00010   0x0014bc    program     static                          
          ___for_lbl00011   0x001520    program     static                          
          ___for_lbl00012   0x001524    program     static                          
          ___for_lbl00013   0x0014f2    program     static                          
           ___if_lbl00014   0x001552    program     static                          
       ___return_lbl00000   0x000004    program     static                          
       ___return_lbl00000   0x000804    program     static                          
       ___return_lbl00000   0x001466    program     static                          
       ___return_lbl00000   0x001c00    program     static                          
       ___return_lbl00001   0x001c1c    program     static                          
       ___return_lbl00002   0x00080c    program     static                          
       ___return_lbl00002   0x001b06    program     static                          
       ___return_lbl00007   0x00156a    program     static                          
       ___return_lbl00042   0x00188c    program     static                          
        ___while_lbl00043   0x00187e    program     static                          
        ___while_lbl00044   0x00188c    program     static                          
                   __init   0x001c36    program     extern C:\MCC18\src\traditional\stdclib\__init.c
            __zero_memory   0x001c1e    program     extern C:\MCC18\src\traditional\proc\p18F4550.asm
                _do_cinit   0x001a6a    program     extern C:\MCC18\src\traditional\startup\c018i.c
                   _entry   0x000000    program     extern C:\MCC18\src\traditional\startup\c018i.c
                 _low_ISR   0x000818    program     extern C:\PIC5\PIC\main.c       
                   _reset   0x000800    program     extern C:\PIC5\PIC\main.c       
                 _startup   0x001c02    program     extern C:\MCC18\src\traditional\startup\c018i.c
                    cfg01   0x0019c4    program     extern C:\PIC5\PIC\autofiles\usbdsc.c
               clear_loop   0x001c24    program     static C:\MCC18\src\traditional\proc\p18F4550.asm
                copy_loop   0x001adc    program     static                          
            copy_one_byte   0x001ae2    program     static                          
               device_dsc   0x0019b2    program     extern C:\PIC5\PIC\autofiles\usbdsc.c
                     done   0x001b06    program     static                          
             done_copying   0x001af0    program     static                          
                  endloop   0x001bfc    program     static                          
           high_interrupt   0x000808    program     extern C:\PIC5\PIC\main.c       
              int_routine   0x001b08    program     extern C:\PIC5\PIC\main.c       
                     loop   0x001be0    program     static                          
                     loop   0x001c12    program     static                          
                     main   0x001b32    program     extern C:\PIC5\PIC\main.c       
                    sd000   0x0019e4    program     extern C:\PIC5\PIC\autofiles\usbdsc.c
                    sd001   0x0019e8    program     extern C:\PIC5\PIC\autofiles\usbdsc.c
                    sd002   0x001a1c    program     extern C:\PIC5\PIC\autofiles\usbdsc.c
                     test   0x001a84    program     static                          
                   ADCON0   0x000fc2       data     extern C:\MCC18\src\traditional\proc\p18F4550.asm
               ADCON0bits   0x000fc2       data     extern C:\MCC18\src\traditional\proc\p18F4550.asm
                   ADCON1   0x000fc1       data     extern C:\MCC18\src\traditional\proc\p18F4550.asm
               ADCON1bits   0x000fc1       data     extern C:\MCC18\src\traditional\proc\p18F4550.asm
                   ADCON2   0x000fc0       data     extern C:\MCC18\src\traditional\proc\p18F4550.asm
               ADCON2bits   0x000fc0       data     extern C:\MCC18\src\traditional\proc\p18F4550.asm
                    ADRES   0x000fc3       data     extern C:\MCC18\src\traditional\proc\p18F4550.asm
                   ADRESH   0x000fc4       data     extern C:\MCC18\src\traditional\proc\p18F4550.asm
                   ADRESL   0x000fc3       data     extern C:\MCC18\src\traditional\proc\p18F4550.asm
                  BAUDCON   0x000fb8       data     extern C:\MCC18\src\traditional\proc\p18F4550.asm
              BAUDCONbits   0x000fb8       data     extern C:\MCC18\src\traditional\proc\p18F4550.asm
                      BSR   0x000fe0       data     extern C:\MCC18\src\traditional\proc\p18F4550.asm
                   CCP1AS   0x000fb6       data     extern C:\MCC18\src\traditional\proc\p18F4550.asm
               CCP1ASbits   0x000fb6       data     extern C:\MCC18\src\traditional\proc\p18F4550.asm
                  CCP1CON   0x000fbd       data     extern C:\MCC18\src\traditional\proc\p18F4550.asm
              CCP1CONbits   0x000fbd       data     extern C:\MCC18\src\traditional\proc\p18F4550.asm
                  CCP1DEL   0x000fb7       data     extern C:\MCC18\src\traditional\proc\p18F4550.asm
              CCP1DELbits   0x000fb7       data     extern C:\MCC18\src\traditional\proc\p18F4550.asm
                  CCP2CON   0x000fba       data     extern C:\MCC18\src\traditional\proc\p18F4550.asm
              CCP2CONbits   0x000fba       data     extern C:\MCC18\src\traditional\proc\p18F4550.asm
                    CCPR1   0x000fbe       data     extern C:\MCC18\src\traditional\proc\p18F4550.asm
                   CCPR1H   0x000fbf       data     extern C:\MCC18\src\traditional\proc\p18F4550.asm
                   CCPR1L   0x000fbe       data     extern C:\MCC18\src\traditional\proc\p18F4550.asm
                    CCPR2   0x000fbb       data     extern C:\MCC18\src\traditional\proc\p18F4550.asm
                   CCPR2H   0x000fbc       data     extern C:\MCC18\src\traditional\proc\p18F4550.asm
                   CCPR2L   0x000fbb       data     extern C:\MCC18\src\traditional\proc\p18F4550.asm
                    CMCON   0x000fb4       data     extern C:\MCC18\src\traditional\proc\p18F4550.asm
                CMCONbits   0x000fb4       data     extern C:\MCC18\src\traditional\proc\p18F4550.asm
                   CVRCON   0x000fb5       data     extern C:\MCC18\src\traditional\proc\p18F4550.asm
               CVRCONbits   0x000fb5       data     extern C:\MCC18\src\traditional\proc\p18F4550.asm
              CtrlTrfData   0x000420       data     extern C:\PIC5\PIC\system\usb\usbmmap.c
                     DDRA   0x000f92       data     extern C:\MCC18\src\traditional\proc\p18F4550.asm
                 DDRAbits   0x000f92       data     extern C:\MCC18\src\traditional\proc\p18F4550.asm
                     DDRB   0x000f93       data     extern C:\MCC18\src\traditional\proc\p18F4550.asm
                 DDRBbits   0x000f93       data     extern C:\MCC18\src\traditional\proc\p18F4550.asm
                     DDRC   0x000f94       data     extern C:\MCC18\src\traditional\proc\p18F4550.asm
                 DDRCbits   0x000f94       data     extern C:\MCC18\src\traditional\proc\p18F4550.asm
                     DDRD   0x000f95       data     extern C:\MCC18\src\traditional\proc\p18F4550.asm
                 DDRDbits   0x000f95       data     extern C:\MCC18\src\traditional\proc\p18F4550.asm
                     DDRE   0x000f96       data     extern C:\MCC18\src\traditional\proc\p18F4550.asm
                 DDREbits   0x000f96       data     extern C:\MCC18\src\traditional\proc\p18F4550.asm
                  ECCP1AS   0x000fb6       data     extern C:\MCC18\src\traditional\proc\p18F4550.asm
              ECCP1ASbits   0x000fb6       data     extern C:\MCC18\src\traditional\proc\p18F4550.asm
                 ECCP1CON   0x000fbd       data     extern C:\MCC18\src\traditional\proc\p18F4550.asm
             ECCP1CONbits   0x000fbd       data     extern C:\MCC18\src\traditional\proc\p18F4550.asm
                 ECCP1DEL   0x000fb7       data     extern C:\MCC18\src\traditional\proc\p18F4550.asm
             ECCP1DELbits   0x000fb7       data     extern C:\MCC18\src\traditional\proc\p18F4550.asm
                    EEADR   0x000fa9       data     extern C:\MCC18\src\traditional\proc\p18F4550.asm
                   EECON1   0x000fa6       data     extern C:\MCC18\src\traditional\proc\p18F4550.asm
               EECON1bits   0x000fa6       data     extern C:\MCC18\src\traditional\proc\p18F4550.asm
                   EECON2   0x000fa7       data     extern C:\MCC18\src\traditional\proc\p18F4550.asm
                   EEDATA   0x000fa8       data     extern C:\MCC18\src\traditional\proc\p18F4550.asm
                     FSR0   0x000fe9       data     extern C:\MCC18\src\traditional\proc\p18F4550.asm
                    FSR0H   0x000fea       data     extern C:\MCC18\src\traditional\proc\p18F4550.asm
                    FSR0L   0x000fe9       data     extern C:\MCC18\src\traditional\proc\p18F4550.asm
                     FSR1   0x000fe1       data     extern C:\MCC18\src\traditional\proc\p18F4550.asm
                    FSR1H   0x000fe2       data     extern C:\MCC18\src\traditional\proc\p18F4550.asm
                    FSR1L   0x000fe1       data     extern C:\MCC18\src\traditional\proc\p18F4550.asm
                     FSR2   0x000fd9       data     extern C:\MCC18\src\traditional\proc\p18F4550.asm
                    FSR2H   0x000fda       data     extern C:\MCC18\src\traditional\proc\p18F4550.asm
                    FSR2L   0x000fd9       data     extern C:\MCC18\src\traditional\proc\p18F4550.asm
                  HLVDCON   0x000fd2       data     extern C:\MCC18\src\traditional\proc\p18F4550.asm
              HLVDCONbits   0x000fd2       data     extern C:\MCC18\src\traditional\proc\p18F4550.asm
                    INDF0   0x000fef       data     extern C:\MCC18\src\traditional\proc\p18F4550.asm
                    INDF1   0x000fe7       data     extern C:\MCC18\src\traditional\proc\p18F4550.asm
                    INDF2   0x000fdf       data     extern C:\MCC18\src\traditional\proc\p18F4550.asm
                   INTCON   0x000ff2       data     extern C:\MCC18\src\traditional\proc\p18F4550.asm
                  INTCON2   0x000ff1       data     extern C:\MCC18\src\traditional\proc\p18F4550.asm
              INTCON2bits   0x000ff1       data     extern C:\MCC18\src\traditional\proc\p18F4550.asm
                  INTCON3   0x000ff0       data     extern C:\MCC18\src\traditional\proc\p18F4550.asm
              INTCON3bits   0x000ff0       data     extern C:\MCC18\src\traditional\proc\p18F4550.asm
               INTCONbits   0x000ff2       data     extern C:\MCC18\src\traditional\proc\p18F4550.asm
                     IPR1   0x000f9f       data     extern C:\MCC18\src\traditional\proc\p18F4550.asm
                 IPR1bits   0x000f9f       data     extern C:\MCC18\src\traditional\proc\p18F4550.asm
                     IPR2   0x000fa2       data     extern C:\MCC18\src\traditional\proc\p18F4550.asm
                 IPR2bits   0x000fa2       data     extern C:\MCC18\src\traditional\proc\p18F4550.asm
                     LATA   0x000f89       data     extern C:\MCC18\src\traditional\proc\p18F4550.asm
                 LATAbits   0x000f89       data     extern C:\MCC18\src\traditional\proc\p18F4550.asm
                     LATB   0x000f8a       data     extern C:\MCC18\src\traditional\proc\p18F4550.asm
                 LATBbits   0x000f8a       data     extern C:\MCC18\src\traditional\proc\p18F4550.asm
                     LATC   0x000f8b       data     extern C:\MCC18\src\traditional\proc\p18F4550.asm
                 LATCbits   0x000f8b       data     extern C:\MCC18\src\traditional\proc\p18F4550.asm
                     LATD   0x000f8c       data     extern C:\MCC18\src\traditional\proc\p18F4550.asm
                 LATDbits   0x000f8c       data     extern C:\MCC18\src\traditional\proc\p18F4550.asm
                     LATE   0x000f8d       data     extern C:\MCC18\src\traditional\proc\p18F4550.asm
                 LATEbits   0x000f8d       data     extern C:\MCC18\src\traditional\proc\p18F4550.asm
                   LVDCON   0x000fd2       data     extern C:\MCC18\src\traditional\proc\p18F4550.asm
               LVDCONbits   0x000fd2       data     extern C:\MCC18\src\traditional\proc\p18F4550.asm
                   OSCCON   0x000fd3       data     extern C:\MCC18\src\traditional\proc\p18F4550.asm
               OSCCONbits   0x000fd3       data     extern C:\MCC18\src\traditional\proc\p18F4550.asm
                  OSCTUNE   0x000f9b       data     extern C:\MCC18\src\traditional\proc\p18F4550.asm
              OSCTUNEbits   0x000f9b       data     extern C:\MCC18\src\traditional\proc\p18F4550.asm
                       PC   0x000ff9       data     extern C:\MCC18\src\traditional\proc\p18F4550.asm
                      PCL   0x000ff9       data     extern C:\MCC18\src\traditional\proc\p18F4550.asm
                   PCLATH   0x000ffa       data     extern C:\MCC18\src\traditional\proc\p18F4550.asm
                   PCLATU   0x000ffb       data     extern C:\MCC18\src\traditional\proc\p18F4550.asm
                     PIE1   0x000f9d       data     extern C:\MCC18\src\traditional\proc\p18F4550.asm
                 PIE1bits   0x000f9d       data     extern C:\MCC18\src\traditional\proc\p18F4550.asm
                     PIE2   0x000fa0       data     extern C:\MCC18\src\traditional\proc\p18F4550.asm
                 PIE2bits   0x000fa0       data     extern C:\MCC18\src\traditional\proc\p18F4550.asm
                     PIR1   0x000f9e       data     extern C:\MCC18\src\traditional\proc\p18F4550.asm
                 PIR1bits   0x000f9e       data     extern C:\MCC18\src\traditional\proc\p18F4550.asm
                     PIR2   0x000fa1       data     extern C:\MCC18\src\traditional\proc\p18F4550.asm
                 PIR2bits   0x000fa1       data     extern C:\MCC18\src\traditional\proc\p18F4550.asm
                   PLUSW0   0x000feb       data     extern C:\MCC18\src\traditional\proc\p18F4550.asm
                   PLUSW1   0x000fe3       data     extern C:\MCC18\src\traditional\proc\p18F4550.asm
                   PLUSW2   0x000fdb       data     extern C:\MCC18\src\traditional\proc\p18F4550.asm
                    PORTA   0x000f80       data     extern C:\MCC18\src\traditional\proc\p18F4550.asm
                PORTAbits   0x000f80       data     extern C:\MCC18\src\traditional\proc\p18F4550.asm
                    PORTB   0x000f81       data     extern C:\MCC18\src\traditional\proc\p18F4550.asm
                PORTBbits   0x000f81       data     extern C:\MCC18\src\traditional\proc\p18F4550.asm
                    PORTC   0x000f82       data     extern C:\MCC18\src\traditional\proc\p18F4550.asm
                PORTCbits   0x000f82       data     extern C:\MCC18\src\traditional\proc\p18F4550.asm
                    PORTD   0x000f83       data     extern C:\MCC18\src\traditional\proc\p18F4550.asm
                PORTDbits   0x000f83       data     extern C:\MCC18\src\traditional\proc\p18F4550.asm
                    PORTE   0x000f84       data     extern C:\MCC18\src\traditional\proc\p18F4550.asm
                PORTEbits   0x000f84       data     extern C:\MCC18\src\traditional\proc\p18F4550.asm
                 POSTDEC0   0x000fed       data     extern C:\MCC18\src\traditional\proc\p18F4550.asm
                 POSTDEC1   0x000fe5       data     extern C:\MCC18\src\traditional\proc\p18F4550.asm
                 POSTDEC2   0x000fdd       data     extern C:\MCC18\src\traditional\proc\p18F4550.asm
                 POSTINC0   0x000fee       data     extern C:\MCC18\src\traditional\proc\p18F4550.asm
                 POSTINC1   0x000fe6       data     extern C:\MCC18\src\traditional\proc\p18F4550.asm
                 POSTINC2   0x000fde       data     extern C:\MCC18\src\traditional\proc\p18F4550.asm
                      PR2   0x000fcb       data     extern C:\MCC18\src\traditional\proc\p18F4550.asm
                  PREINC0   0x000fec       data     extern C:\MCC18\src\traditional\proc\p18F4550.asm
                  PREINC1   0x000fe4       data     extern C:\MCC18\src\traditional\proc\p18F4550.asm
                  PREINC2   0x000fdc       data     extern C:\MCC18\src\traditional\proc\p18F4550.asm
                     PROD   0x000ff3       data     extern C:\MCC18\src\traditional\proc\p18F4550.asm
                    PRODH   0x000ff4       data     extern C:\MCC18\src\traditional\proc\p18F4550.asm
                    PRODL   0x000ff3       data     extern C:\MCC18\src\traditional\proc\p18F4550.asm
                     RCON   0x000fd0       data     extern C:\MCC18\src\traditional\proc\p18F4550.asm
                 RCONbits   0x000fd0       data     extern C:\MCC18\src\traditional\proc\p18F4550.asm
                    RCREG   0x000fae       data     extern C:\MCC18\src\traditional\proc\p18F4550.asm
                    RCSTA   0x000fab       data     extern C:\MCC18\src\traditional\proc\p18F4550.asm
                RCSTAbits   0x000fab       data     extern C:\MCC18\src\traditional\proc\p18F4550.asm
                     SIGN   0x00000e       data     extern C:\MCC18\src\traditional\math\cmath18.asm
                    SPBRG   0x000faf       data     extern C:\MCC18\src\traditional\proc\p18F4550.asm
                   SPBRGH   0x000fb0       data     extern C:\MCC18\src\traditional\proc\p18F4550.asm
                   SPPCFG   0x000f63       data     extern C:\MCC18\src\traditional\proc\p18F4550.asm
               SPPCFGbits   0x000f63       data     extern C:\MCC18\src\traditional\proc\p18F4550.asm
                   SPPCON   0x000f65       data     extern C:\MCC18\src\traditional\proc\p18F4550.asm
               SPPCONbits   0x000f65       data     extern C:\MCC18\src\traditional\proc\p18F4550.asm
                  SPPDATA   0x000f62       data     extern C:\MCC18\src\traditional\proc\p18F4550.asm
                   SPPEPS   0x000f64       data     extern C:\MCC18\src\traditional\proc\p18F4550.asm
               SPPEPSbits   0x000f64       data     extern C:\MCC18\src\traditional\proc\p18F4550.asm
                   SSPADD   0x000fc8       data     extern C:\MCC18\src\traditional\proc\p18F4550.asm
                   SSPBUF   0x000fc9       data     extern C:\MCC18\src\traditional\proc\p18F4550.asm
                  SSPCON1   0x000fc6       data     extern C:\MCC18\src\traditional\proc\p18F4550.asm
              SSPCON1bits   0x000fc6       data     extern C:\MCC18\src\traditional\proc\p18F4550.asm
                  SSPCON2   0x000fc5       data     extern C:\MCC18\src\traditional\proc\p18F4550.asm
              SSPCON2bits   0x000fc5       data     extern C:\MCC18\src\traditional\proc\p18F4550.asm
                  SSPSTAT   0x000fc7       data     extern C:\MCC18\src\traditional\proc\p18F4550.asm
              SSPSTATbits   0x000fc7       data     extern C:\MCC18\src\traditional\proc\p18F4550.asm
                   STATUS   0x000fd8       data     extern C:\MCC18\src\traditional\proc\p18F4550.asm
               STATUSbits   0x000fd8       data     extern C:\MCC18\src\traditional\proc\p18F4550.asm
                   STKPTR   0x000ffc       data     extern C:\MCC18\src\traditional\proc\p18F4550.asm
               STKPTRbits   0x000ffc       data     extern C:\MCC18\src\traditional\proc\p18F4550.asm
                 SetupPkt   0x000418       data     extern C:\PIC5\PIC\system\usb\usbmmap.c
                    T0CON   0x000fd5       data     extern C:\MCC18\src\traditional\proc\p18F4550.asm
                T0CONbits   0x000fd5       data     extern C:\MCC18\src\traditional\proc\p18F4550.asm
                    T1CON   0x000fcd       data     extern C:\MCC18\src\traditional\proc\p18F4550.asm
                T1CONbits   0x000fcd       data     extern C:\MCC18\src\traditional\proc\p18F4550.asm
                    T2CON   0x000fca       data     extern C:\MCC18\src\traditional\proc\p18F4550.asm
                T2CONbits   0x000fca       data     extern C:\MCC18\src\traditional\proc\p18F4550.asm
                    T3CON   0x000fb1       data     extern C:\MCC18\src\traditional\proc\p18F4550.asm
                T3CONbits   0x000fb1       data     extern C:\MCC18\src\traditional\proc\p18F4550.asm
                   TABLAT   0x000ff5       data     extern C:\MCC18\src\traditional\proc\p18F4550.asm
                   TBLPTR   0x000ff6       data     extern C:\MCC18\src\traditional\proc\p18F4550.asm
                  TBLPTRH   0x000ff7       data     extern C:\MCC18\src\traditional\proc\p18F4550.asm
                  TBLPTRL   0x000ff6       data     extern C:\MCC18\src\traditional\proc\p18F4550.asm
                  TBLPTRU   0x000ff8       data     extern C:\MCC18\src\traditional\proc\p18F4550.asm
                    TMR0H   0x000fd7       data     extern C:\MCC18\src\traditional\proc\p18F4550.asm
                    TMR0L   0x000fd6       data     extern C:\MCC18\src\traditional\proc\p18F4550.asm
                    TMR1H   0x000fcf       data     extern C:\MCC18\src\traditional\proc\p18F4550.asm
                    TMR1L   0x000fce       data     extern C:\MCC18\src\traditional\proc\p18F4550.asm
                     TMR2   0x000fcc       data     extern C:\MCC18\src\traditional\proc\p18F4550.asm
                    TMR3H   0x000fb3       data     extern C:\MCC18\src\traditional\proc\p18F4550.asm
                    TMR3L   0x000fb2       data     extern C:\MCC18\src\traditional\proc\p18F4550.asm
                      TOS   0x000ffd       data     extern C:\MCC18\src\traditional\proc\p18F4550.asm
                     TOSH   0x000ffe       data     extern C:\MCC18\src\traditional\proc\p18F4550.asm
                     TOSL   0x000ffd       data     extern C:\MCC18\src\traditional\proc\p18F4550.asm
                     TOSU   0x000fff       data     extern C:\MCC18\src\traditional\proc\p18F4550.asm
                    TRISA   0x000f92       data     extern C:\MCC18\src\traditional\proc\p18F4550.asm
                TRISAbits   0x000f92       data     extern C:\MCC18\src\traditional\proc\p18F4550.asm
                    TRISB   0x000f93       data     extern C:\MCC18\src\traditional\proc\p18F4550.asm
                TRISBbits   0x000f93       data     extern C:\MCC18\src\traditional\proc\p18F4550.asm
                    TRISC   0x000f94       data     extern C:\MCC18\src\traditional\proc\p18F4550.asm
                TRISCbits   0x000f94       data     extern C:\MCC18\src\traditional\proc\p18F4550.asm
                    TRISD   0x000f95       data     extern C:\MCC18\src\traditional\proc\p18F4550.asm
                TRISDbits   0x000f95       data     extern C:\MCC18\src\traditional\proc\p18F4550.asm
                    TRISE   0x000f96       data     extern C:\MCC18\src\traditional\proc\p18F4550.asm
                TRISEbits   0x000f96       data     extern C:\MCC18\src\traditional\proc\p18F4550.asm
                    TXREG   0x000fad       data     extern C:\MCC18\src\traditional\proc\p18F4550.asm
                    TXSTA   0x000fac       data     extern C:\MCC18\src\traditional\proc\p18F4550.asm
                TXSTAbits   0x000fac       data     extern C:\MCC18\src\traditional\proc\p18F4550.asm
                    UADDR   0x000f6e       data     extern C:\MCC18\src\traditional\proc\p18F4550.asm
                UADDRbits   0x000f6e       data     extern C:\MCC18\src\traditional\proc\p18F4550.asm
                     UCFG   0x000f6f       data     extern C:\MCC18\src\traditional\proc\p18F4550.asm
                 UCFGbits   0x000f6f       data     extern C:\MCC18\src\traditional\proc\p18F4550.asm
                     UCON   0x000f6d       data     extern C:\MCC18\src\traditional\proc\p18F4550.asm
                 UCONbits   0x000f6d       data     extern C:\MCC18\src\traditional\proc\p18F4550.asm
                     UEIE   0x000f6b       data     extern C:\MCC18\src\traditional\proc\p18F4550.asm
                 UEIEbits   0x000f6b       data     extern C:\MCC18\src\traditional\proc\p18F4550.asm
                     UEIR   0x000f6a       data     extern C:\MCC18\src\traditional\proc\p18F4550.asm
                 UEIRbits   0x000f6a       data     extern C:\MCC18\src\traditional\proc\p18F4550.asm
                     UEP0   0x000f70       data     extern C:\MCC18\src\traditional\proc\p18F4550.asm
                 UEP0bits   0x000f70       data     extern C:\MCC18\src\traditional\proc\p18F4550.asm
                     UEP1   0x000f71       data     extern C:\MCC18\src\traditional\proc\p18F4550.asm
                    UEP10   0x000f7a       data     extern C:\MCC18\src\traditional\proc\p18F4550.asm
                UEP10bits   0x000f7a       data     extern C:\MCC18\src\traditional\proc\p18F4550.asm
                    UEP11   0x000f7b       data     extern C:\MCC18\src\traditional\proc\p18F4550.asm
                UEP11bits   0x000f7b       data     extern C:\MCC18\src\traditional\proc\p18F4550.asm
                    UEP12   0x000f7c       data     extern C:\MCC18\src\traditional\proc\p18F4550.asm
                UEP12bits   0x000f7c       data     extern C:\MCC18\src\traditional\proc\p18F4550.asm
                    UEP13   0x000f7d       data     extern C:\MCC18\src\traditional\proc\p18F4550.asm
                UEP13bits   0x000f7d       data     extern C:\MCC18\src\traditional\proc\p18F4550.asm
                    UEP14   0x000f7e       data     extern C:\MCC18\src\traditional\proc\p18F4550.asm
                UEP14bits   0x000f7e       data     extern C:\MCC18\src\traditional\proc\p18F4550.asm
                    UEP15   0x000f7f       data     extern C:\MCC18\src\traditional\proc\p18F4550.asm
                UEP15bits   0x000f7f       data     extern C:\MCC18\src\traditional\proc\p18F4550.asm
                 UEP1bits   0x000f71       data     extern C:\MCC18\src\traditional\proc\p18F4550.asm
                     UEP2   0x000f72       data     extern C:\MCC18\src\traditional\proc\p18F4550.asm
                 UEP2bits   0x000f72       data     extern C:\MCC18\src\traditional\proc\p18F4550.asm
                     UEP3   0x000f73       data     extern C:\MCC18\src\traditional\proc\p18F4550.asm
                 UEP3bits   0x000f73       data     extern C:\MCC18\src\traditional\proc\p18F4550.asm
                     UEP4   0x000f74       data     extern C:\MCC18\src\traditional\proc\p18F4550.asm
                 UEP4bits   0x000f74       data     extern C:\MCC18\src\traditional\proc\p18F4550.asm
                     UEP5   0x000f75       data     extern C:\MCC18\src\traditional\proc\p18F4550.asm
                 UEP5bits   0x000f75       data     extern C:\MCC18\src\traditional\proc\p18F4550.asm
                     UEP6   0x000f76       data     extern C:\MCC18\src\traditional\proc\p18F4550.asm
                 UEP6bits   0x000f76       data     extern C:\MCC18\src\traditional\proc\p18F4550.asm
                     UEP7   0x000f77       data     extern C:\MCC18\src\traditional\proc\p18F4550.asm
                 UEP7bits   0x000f77       data     extern C:\MCC18\src\traditional\proc\p18F4550.asm
                     UEP8   0x000f78       data     extern C:\MCC18\src\traditional\proc\p18F4550.asm
                 UEP8bits   0x000f78       data     extern C:\MCC18\src\traditional\proc\p18F4550.asm
                     UEP9   0x000f79       data     extern C:\MCC18\src\traditional\proc\p18F4550.asm
                 UEP9bits   0x000f79       data     extern C:\MCC18\src\traditional\proc\p18F4550.asm
                     UFRM   0x000f66       data     extern C:\MCC18\src\traditional\proc\p18F4550.asm
                    UFRMH   0x000f67       data     extern C:\MCC18\src\traditional\proc\p18F4550.asm
                UFRMHbits   0x000f67       data     extern C:\MCC18\src\traditional\proc\p18F4550.asm
                    UFRML   0x000f66       data     extern C:\MCC18\src\traditional\proc\p18F4550.asm
                UFRMLbits   0x000f66       data     extern C:\MCC18\src\traditional\proc\p18F4550.asm
                      UIE   0x000f69       data     extern C:\MCC18\src\traditional\proc\p18F4550.asm
                  UIEbits   0x000f69       data     extern C:\MCC18\src\traditional\proc\p18F4550.asm
                      UIR   0x000f68       data     extern C:\MCC18\src\traditional\proc\p18F4550.asm
                  UIRbits   0x000f68       data     extern C:\MCC18\src\traditional\proc\p18F4550.asm
                    USTAT   0x000f6c       data     extern C:\MCC18\src\traditional\proc\p18F4550.asm
                USTATbits   0x000f6c       data     extern C:\MCC18\src\traditional\proc\p18F4550.asm
                   WDTCON   0x000fd1       data     extern C:\MCC18\src\traditional\proc\p18F4550.asm
               WDTCONbits   0x000fd1       data     extern C:\MCC18\src\traditional\proc\p18F4550.asm
                     WREG   0x000fe8       data     extern C:\MCC18\src\traditional\proc\p18F4550.asm
                 __AARGB0   0x000007       data     extern C:\MCC18\src\traditional\math\aarg.asm
                 __AARGB1   0x000006       data     extern C:\MCC18\src\traditional\math\aarg.asm
                 __AARGB2   0x000005       data     extern C:\MCC18\src\traditional\math\aarg.asm
                 __AARGB3   0x000004       data     extern C:\MCC18\src\traditional\math\aarg.asm
                 __AARGB4   0x000003       data     extern C:\MCC18\src\traditional\math\aarg.asm
                 __AARGB5   0x000002       data     extern C:\MCC18\src\traditional\math\aarg.asm
                 __AARGB6   0x000001       data     extern C:\MCC18\src\traditional\math\aarg.asm
                 __AARGB7   0x000000       data     extern C:\MCC18\src\traditional\math\aarg.asm
                   __AEXP   0x000008       data     extern C:\MCC18\src\traditional\math\aarg.asm
                 __BARGB0   0x00000c       data     extern C:\MCC18\src\traditional\math\barg.asm
                 __BARGB1   0x00000b       data     extern C:\MCC18\src\traditional\math\barg.asm
                 __BARGB2   0x00000a       data     extern C:\MCC18\src\traditional\math\barg.asm
                 __BARGB3   0x000009       data     extern C:\MCC18\src\traditional\math\barg.asm
                   __BEXP   0x00000d       data     extern C:\MCC18\src\traditional\math\barg.asm
                __FPFLAGS   0x00000f       data     extern C:\MCC18\src\traditional\math\cmath18.asm
            __FPFLAGSbits   0x00000f       data     extern C:\MCC18\src\traditional\math\cmath18.asm
                  __REMB0   0x000003       data     extern C:\MCC18\src\traditional\math\aarg.asm
                  __REMB1   0x000002       data     extern C:\MCC18\src\traditional\math\aarg.asm
                  __REMB2   0x000001       data     extern C:\MCC18\src\traditional\math\aarg.asm
                  __REMB3   0x000000       data     extern C:\MCC18\src\traditional\math\aarg.asm
                  __tmp_0   0x000010       data     static C:\PIC5\PIC\SPIprotocol.c
                  __tmp_0   0x000010       data     static C:\PIC5\PIC\system\usb\class\generic\usbgen.c
                  __tmp_0   0x000010       data     static C:\PIC5\PIC\user\temperature.c
                  __tmp_0   0x000010       data     static C:\PIC5\PIC\user\user.c  
                  __tmp_0   0x000010       data     static C:\PIC5\PIC\system\usb\usb9\usb9.c
                  counter   0x000062       data     extern C:\PIC5\PIC\user\user.c  
   ctrl_trf_session_owner   0x0000ba       data     extern C:\PIC5\PIC\system\usb\usbctrltrf\usbctrltrf.c
           ctrl_trf_state   0x0000b9       data     extern C:\PIC5\PIC\system\usb\usbctrltrf\usbctrltrf.c
                curr_byte   0x0000b2       data     static C:\MCC18\src\traditional\startup\c018i.c
               curr_entry   0x0000b4       data     static C:\MCC18\src\traditional\startup\c018i.c
               dataPacket   0x000063       data     extern C:\PIC5\PIC\user\user.c  
                 data_ptr   0x0000b6       data     static C:\MCC18\src\traditional\startup\c018i.c
              delay_count   0x0000c5       data     static C:\PIC5\PIC\system\usb\usbdrv\usbdrv.c
                    ep0Bi   0x000404       data     extern C:\PIC5\PIC\system\usb\usbmmap.c
                    ep0Bo   0x000400       data     extern C:\PIC5\PIC\system\usb\usbmmap.c
                    ep1Bi   0x00040c       data     extern C:\PIC5\PIC\system\usb\usbmmap.c
                    ep1Bo   0x000408       data     extern C:\PIC5\PIC\system\usb\usbmmap.c
                    ep2Bi   0x000414       data     extern C:\PIC5\PIC\system\usb\usbmmap.c
                    ep2Bo   0x000410       data     extern C:\PIC5\PIC\system\usb\usbmmap.c
                led_count   0x0000c7       data     static C:\PIC5\PIC\user\user.c  
                  old_sw2   0x000060       data     extern C:\PIC5\PIC\user\user.c  
                  old_sw3   0x000061       data     extern C:\PIC5\PIC\user\user.c  
                     pDst   0x0000bd       data     extern C:\PIC5\PIC\system\usb\usbctrltrf\usbctrltrf.c
                     pSrc   0x0000bb       data     extern C:\PIC5\PIC\system\usb\usbctrltrf\usbctrltrf.c
                     prom   0x0000af       data     static C:\MCC18\src\traditional\startup\c018i.c
               tempString   0x0000a5       data     extern C:\PIC5\PIC\user\temperature.c
              temperature   0x0000a3       data     extern C:\PIC5\PIC\user\temperature.c
           usb_active_cfg   0x0000c3       data     extern C:\PIC5\PIC\system\usb\usbmmap.c
             usb_alt_intf   0x0000c4       data     extern C:\PIC5\PIC\system\usb\usbmmap.c
         usb_device_state   0x0000c1       data     extern C:\PIC5\PIC\system\usb\usbmmap.c
                 usb_stat   0x0000c2       data     extern C:\PIC5\PIC\system\usb\usbmmap.c
                usbgen_in   0x000468       data     extern C:\PIC5\PIC\system\usb\usbmmap.c
               usbgen_out   0x000428       data     extern C:\PIC5\PIC\system\usb\usbmmap.c
            usbgen_rx_len   0x0000c9       data     extern C:\PIC5\PIC\system\usb\class\generic\usbgen.c
                   wCount   0x0000bf       data     extern C:\PIC5\PIC\system\usb\usbctrltrf\usbctrltrf.c



                              Symbols - Sorted by Address
                     Name    Address   Location    Storage File                     
                ---------  ---------  ---------  --------- ---------                
                   _entry   0x000000    program     extern C:\MCC18\src\traditional\startup\c018i.c
       ___return_lbl00000   0x000004    program     static                          
                   _reset   0x000800    program     extern C:\PIC5\PIC\main.c       
       ___return_lbl00000   0x000804    program     static                          
           high_interrupt   0x000808    program     extern C:\PIC5\PIC\main.c       
       ___return_lbl00002   0x00080c    program     static                          
                 _low_ISR   0x000818    program     extern C:\PIC5\PIC\main.c       
                 UserInit   0x000838    program     extern C:\PIC5\PIC\user\user.c  
                ProcessIO   0x00085a    program     extern C:\PIC5\PIC\user\user.c  
          ServiceRequests   0x000870    program     extern C:\PIC5\PIC\user\user.c  
           BlinkUSBStatus   0x000b64    program     extern C:\PIC5\PIC\user\user.c  
         Switch2IsPressed   0x000bf6    program     extern C:\PIC5\PIC\user\user.c  
         Switch3IsPressed   0x000c1c    program     extern C:\PIC5\PIC\user\user.c  
                   TXbyte   0x000c42    program     extern C:\PIC5\PIC\user\user.c  
 PICDEMFSUSBDemoBoardTest   0x000c5c    program     extern C:\PIC5\PIC\user\user.c  
       USBCheckStdRequest   0x000e1e    program     extern C:\PIC5\PIC\system\usb\usb9\usb9.c
      USBStdGetDscHandler   0x000ee0    program     extern C:\PIC5\PIC\system\usb\usb9\usb9.c
      USBStdSetCfgHandler   0x000f98    program     extern C:\PIC5\PIC\system\usb\usb9\usb9.c
   USBStdGetStatusHandler   0x000fe8    program     extern C:\PIC5\PIC\system\usb\usb9\usb9.c
  USBStdFeatureReqHandler   0x001088    program     extern C:\PIC5\PIC\system\usb\usb9\usb9.c
         USBCtrlEPService   0x00112a    program     extern C:\PIC5\PIC\system\usb\usbctrltrf\usbctrltrf.c
   USBCtrlTrfSetupHandler   0x001160    program     extern C:\PIC5\PIC\system\usb\usbctrltrf\usbctrltrf.c
     USBCtrlTrfOutHandler   0x001184    program     extern C:\PIC5\PIC\system\usb\usbctrltrf\usbctrltrf.c
      USBCtrlTrfInHandler   0x0011a4    program     extern C:\PIC5\PIC\system\usb\usbctrltrf\usbctrltrf.c
      USBCtrlTrfTxService   0x0011de    program     extern C:\PIC5\PIC\system\usb\usbctrltrf\usbctrltrf.c
      USBCtrlTrfRxService   0x0012ba    program     extern C:\PIC5\PIC\system\usb\usbctrltrf\usbctrltrf.c
 USBCtrlEPServiceComplete   0x001334    program     extern C:\PIC5\PIC\system\usb\usbctrltrf\usbctrltrf.c
USBPrepareForNextSetupTrf   0x0013c0    program     extern C:\PIC5\PIC\system\usb\usbctrltrf\usbctrltrf.c
    ReadWithSPIHalfDuplex   0x0013dc    program     extern C:\PIC5\PIC\SPIprotocol.c
          ___for_lbl00003   0x0013f8    program     static                          
          ___for_lbl00001   0x001426    program     static                          
          ___for_lbl00002   0x00142a    program     static                          
          ___for_lbl00006   0x001430    program     static                          
          ___for_lbl00004   0x00145a    program     static                          
          ___for_lbl00005   0x00145e    program     static                          
       ___return_lbl00000   0x001466    program     static                          
   WriteWithSPIHalfDuplex   0x00147e    program     extern C:\PIC5\PIC\SPIprotocol.c
          ___for_lbl00010   0x0014bc    program     static                          
          ___for_lbl00008   0x0014ea    program     static                          
          ___for_lbl00009   0x0014ee    program     static                          
          ___for_lbl00013   0x0014f2    program     static                          
          ___for_lbl00011   0x001520    program     static                          
          ___for_lbl00012   0x001524    program     static                          
           ___if_lbl00014   0x001552    program     static                          
       ___return_lbl00007   0x00156a    program     static                          
           InitTempSensor   0x00157e    program     extern C:\PIC5\PIC\user\temperature.c
       AcquireTemperature   0x0015a4    program     extern C:\PIC5\PIC\user\temperature.c
       UpdateCelsiusASCII   0x0015c6    program     extern C:\PIC5\PIC\user\temperature.c
        USBCheckBusStatus   0x00171c    program     extern C:\PIC5\PIC\system\usb\usbdrv\usbdrv.c
          USBModuleEnable   0x001742    program     extern C:\PIC5\PIC\system\usb\usbdrv\usbdrv.c
         USBModuleDisable   0x001750    program     extern C:\PIC5\PIC\system\usb\usbdrv\usbdrv.c
            USBSoftDetach   0x00175a    program     extern C:\PIC5\PIC\system\usb\usbdrv\usbdrv.c
         USBDriverService   0x00175e    program     extern C:\PIC5\PIC\system\usb\usbdrv\usbdrv.c
               USBSuspend   0x0017dc    program     extern C:\PIC5\PIC\system\usb\usbdrv\usbdrv.c
       USBWakeFromSuspend   0x0017e4    program     extern C:\PIC5\PIC\system\usb\usbdrv\usbdrv.c
          USBRemoteWakeup   0x0017ec    program     extern C:\PIC5\PIC\system\usb\usbdrv\usbdrv.c
          USB_SOF_Handler   0x001810    program     extern C:\PIC5\PIC\system\usb\usbdrv\usbdrv.c
          USBStallHandler   0x001814    program     extern C:\PIC5\PIC\system\usb\usbdrv\usbdrv.c
          USBErrorHandler   0x001822    program     extern C:\PIC5\PIC\system\usb\usbdrv\usbdrv.c
  USBProtocolResetHandler   0x001826    program     extern C:\PIC5\PIC\system\usb\usbdrv\usbdrv.c
               ClearArray   0x00186a    program     extern C:\PIC5\PIC\system\usb\usbdrv\usbdrv.c
        ___while_lbl00043   0x00187e    program     static                          
       ___return_lbl00042   0x00188c    program     static                          
        ___while_lbl00044   0x00188c    program     static                          
             USBGenInitEP   0x001894    program     extern C:\PIC5\PIC\system\usb\class\generic\usbgen.c
              USBGenWrite   0x0018be    program     extern C:\PIC5\PIC\system\usb\class\generic\usbgen.c
               USBGenRead   0x001932    program     extern C:\PIC5\PIC\system\usb\class\generic\usbgen.c
               device_dsc   0x0019b2    program     extern C:\PIC5\PIC\autofiles\usbdsc.c
                    cfg01   0x0019c4    program     extern C:\PIC5\PIC\autofiles\usbdsc.c
                    sd000   0x0019e4    program     extern C:\PIC5\PIC\autofiles\usbdsc.c
                    sd001   0x0019e8    program     extern C:\PIC5\PIC\autofiles\usbdsc.c
                    sd002   0x001a1c    program     extern C:\PIC5\PIC\autofiles\usbdsc.c
               USB_CD_Ptr   0x001a60    program     extern C:\PIC5\PIC\autofiles\usbdsc.c
               USB_SD_Ptr   0x001a64    program     extern C:\PIC5\PIC\autofiles\usbdsc.c
                _do_cinit   0x001a6a    program     extern C:\MCC18\src\traditional\startup\c018i.c
                     test   0x001a84    program     static                          
                copy_loop   0x001adc    program     static                          
            copy_one_byte   0x001ae2    program     static                          
             done_copying   0x001af0    program     static                          
       ___return_lbl00002   0x001b06    program     static                          
                     done   0x001b06    program     static                          
              int_routine   0x001b08    program     extern C:\PIC5\PIC\main.c       
                     main   0x001b32    program     extern C:\PIC5\PIC\main.c       
         InitializeSystem   0x001b40    program     static C:\PIC5\PIC\main.c       
                 USBTasks   0x001b64    program     extern C:\PIC5\PIC\main.c       
                  OpenSPI   0x001b72    program     extern C:\MCC18\src\pmc_common\SPI\spi_open.c
                 FXD1616U   0x001bd6    program     extern C:\MCC18\src\traditional\math\fxd1616u.c
                     loop   0x001be0    program     static                          
                  endloop   0x001bfc    program     static                          
       ___return_lbl00000   0x001c00    program     static                          
                 _startup   0x001c02    program     extern C:\MCC18\src\traditional\startup\c018i.c
                     loop   0x001c12    program     static                          
       ___return_lbl00001   0x001c1c    program     static                          
            __zero_memory   0x001c1e    program     extern C:\MCC18\src\traditional\proc\p18F4550.asm
               clear_loop   0x001c24    program     static C:\MCC18\src\traditional\proc\p18F4550.asm
                  ReadSPI   0x001c2c    program     extern C:\MCC18\src\pmc_common\SPI\spi_read.c
                   __init   0x001c36    program     extern C:\MCC18\src\traditional\stdclib\__init.c
                  __REMB3   0x000000       data     extern C:\MCC18\src\traditional\math\aarg.asm
                 __AARGB7   0x000000       data     extern C:\MCC18\src\traditional\math\aarg.asm
                 __AARGB6   0x000001       data     extern C:\MCC18\src\traditional\math\aarg.asm
                  __REMB2   0x000001       data     extern C:\MCC18\src\traditional\math\aarg.asm
                 __AARGB5   0x000002       data     extern C:\MCC18\src\traditional\math\aarg.asm
                  __REMB1   0x000002       data     extern C:\MCC18\src\traditional\math\aarg.asm
                 __AARGB4   0x000003       data     extern C:\MCC18\src\traditional\math\aarg.asm
                  __REMB0   0x000003       data     extern C:\MCC18\src\traditional\math\aarg.asm
                 __AARGB3   0x000004       data     extern C:\MCC18\src\traditional\math\aarg.asm
                 __AARGB2   0x000005       data     extern C:\MCC18\src\traditional\math\aarg.asm
                 __AARGB1   0x000006       data     extern C:\MCC18\src\traditional\math\aarg.asm
                 __AARGB0   0x000007       data     extern C:\MCC18\src\traditional\math\aarg.asm
                   __AEXP   0x000008       data     extern C:\MCC18\src\traditional\math\aarg.asm
                 __BARGB3   0x000009       data     extern C:\MCC18\src\traditional\math\barg.asm
                 __BARGB2   0x00000a       data     extern C:\MCC18\src\traditional\math\barg.asm
                 __BARGB1   0x00000b       data     extern C:\MCC18\src\traditional\math\barg.asm
                 __BARGB0   0x00000c       data     extern C:\MCC18\src\traditional\math\barg.asm
                   __BEXP   0x00000d       data     extern C:\MCC18\src\traditional\math\barg.asm
                     SIGN   0x00000e       data     extern C:\MCC18\src\traditional\math\cmath18.asm
            __FPFLAGSbits   0x00000f       data     extern C:\MCC18\src\traditional\math\cmath18.asm
                __FPFLAGS   0x00000f       data     extern C:\MCC18\src\traditional\math\cmath18.asm
                  __tmp_0   0x000010       data     static C:\PIC5\PIC\SPIprotocol.c
                  __tmp_0   0x000010       data     static C:\PIC5\PIC\system\usb\class\generic\usbgen.c
                  __tmp_0   0x000010       data     static C:\PIC5\PIC\user\temperature.c
                  __tmp_0   0x000010       data     static C:\PIC5\PIC\user\user.c  
                  __tmp_0   0x000010       data     static C:\PIC5\PIC\system\usb\usb9\usb9.c
                  old_sw2   0x000060       data     extern C:\PIC5\PIC\user\user.c  
                  old_sw3   0x000061       data     extern C:\PIC5\PIC\user\user.c  
                  counter   0x000062       data     extern C:\PIC5\PIC\user\user.c  
               dataPacket   0x000063       data     extern C:\PIC5\PIC\user\user.c  
              temperature   0x0000a3       data     extern C:\PIC5\PIC\user\temperature.c
               tempString   0x0000a5       data     extern C:\PIC5\PIC\user\temperature.c
                     prom   0x0000af       data     static C:\MCC18\src\traditional\startup\c018i.c
                curr_byte   0x0000b2       data     static C:\MCC18\src\traditional\startup\c018i.c
               curr_entry   0x0000b4       data     static C:\MCC18\src\traditional\startup\c018i.c
                 data_ptr   0x0000b6       data     static C:\MCC18\src\traditional\startup\c018i.c
           ctrl_trf_state   0x0000b9       data     extern C:\PIC5\PIC\system\usb\usbctrltrf\usbctrltrf.c
   ctrl_trf_session_owner   0x0000ba       data     extern C:\PIC5\PIC\system\usb\usbctrltrf\usbctrltrf.c
                     pSrc   0x0000bb       data     extern C:\PIC5\PIC\system\usb\usbctrltrf\usbctrltrf.c
                     pDst   0x0000bd       data     extern C:\PIC5\PIC\system\usb\usbctrltrf\usbctrltrf.c
                   wCount   0x0000bf       data     extern C:\PIC5\PIC\system\usb\usbctrltrf\usbctrltrf.c
         usb_device_state   0x0000c1       data     extern C:\PIC5\PIC\system\usb\usbmmap.c
                 usb_stat   0x0000c2       data     extern C:\PIC5\PIC\system\usb\usbmmap.c
           usb_active_cfg   0x0000c3       data     extern C:\PIC5\PIC\system\usb\usbmmap.c
             usb_alt_intf   0x0000c4       data     extern C:\PIC5\PIC\system\usb\usbmmap.c
              delay_count   0x0000c5       data     static C:\PIC5\PIC\system\usb\usbdrv\usbdrv.c
                led_count   0x0000c7       data     static C:\PIC5\PIC\user\user.c  
            usbgen_rx_len   0x0000c9       data     extern C:\PIC5\PIC\system\usb\class\generic\usbgen.c
                    ep0Bo   0x000400       data     extern C:\PIC5\PIC\system\usb\usbmmap.c
                    ep0Bi   0x000404       data     extern C:\PIC5\PIC\system\usb\usbmmap.c
                    ep1Bo   0x000408       data     extern C:\PIC5\PIC\system\usb\usbmmap.c
                    ep1Bi   0x00040c       data     extern C:\PIC5\PIC\system\usb\usbmmap.c
                    ep2Bo   0x000410       data     extern C:\PIC5\PIC\system\usb\usbmmap.c
                    ep2Bi   0x000414       data     extern C:\PIC5\PIC\system\usb\usbmmap.c
                 SetupPkt   0x000418       data     extern C:\PIC5\PIC\system\usb\usbmmap.c
              CtrlTrfData   0x000420       data     extern C:\PIC5\PIC\system\usb\usbmmap.c
               usbgen_out   0x000428       data     extern C:\PIC5\PIC\system\usb\usbmmap.c
                usbgen_in   0x000468       data     extern C:\PIC5\PIC\system\usb\usbmmap.c
                  SPPDATA   0x000f62       data     extern C:\MCC18\src\traditional\proc\p18F4550.asm
                   SPPCFG   0x000f63       data     extern C:\MCC18\src\traditional\proc\p18F4550.asm
               SPPCFGbits   0x000f63       data     extern C:\MCC18\src\traditional\proc\p18F4550.asm
                   SPPEPS   0x000f64       data     extern C:\MCC18\src\traditional\proc\p18F4550.asm
               SPPEPSbits   0x000f64       data     extern C:\MCC18\src\traditional\proc\p18F4550.asm
                   SPPCON   0x000f65       data     extern C:\MCC18\src\traditional\proc\p18F4550.asm
               SPPCONbits   0x000f65       data     extern C:\MCC18\src\traditional\proc\p18F4550.asm
                UFRMLbits   0x000f66       data     extern C:\MCC18\src\traditional\proc\p18F4550.asm
                    UFRML   0x000f66       data     extern C:\MCC18\src\traditional\proc\p18F4550.asm
                     UFRM   0x000f66       data     extern C:\MCC18\src\traditional\proc\p18F4550.asm
                    UFRMH   0x000f67       data     extern C:\MCC18\src\traditional\proc\p18F4550.asm
                UFRMHbits   0x000f67       data     extern C:\MCC18\src\traditional\proc\p18F4550.asm
                  UIRbits   0x000f68       data     extern C:\MCC18\src\traditional\proc\p18F4550.asm
                      UIR   0x000f68       data     extern C:\MCC18\src\traditional\proc\p18F4550.asm
                      UIE   0x000f69       data     extern C:\MCC18\src\traditional\proc\p18F4550.asm
                  UIEbits   0x000f69       data     extern C:\MCC18\src\traditional\proc\p18F4550.asm
                 UEIRbits   0x000f6a       data     extern C:\MCC18\src\traditional\proc\p18F4550.asm
                     UEIR   0x000f6a       data     extern C:\MCC18\src\traditional\proc\p18F4550.asm
                     UEIE   0x000f6b       data     extern C:\MCC18\src\traditional\proc\p18F4550.asm
                 UEIEbits   0x000f6b       data     extern C:\MCC18\src\traditional\proc\p18F4550.asm
                    USTAT   0x000f6c       data     extern C:\MCC18\src\traditional\proc\p18F4550.asm
                USTATbits   0x000f6c       data     extern C:\MCC18\src\traditional\proc\p18F4550.asm
                     UCON   0x000f6d       data     extern C:\MCC18\src\traditional\proc\p18F4550.asm
                 UCONbits   0x000f6d       data     extern C:\MCC18\src\traditional\proc\p18F4550.asm
                    UADDR   0x000f6e       data     extern C:\MCC18\src\traditional\proc\p18F4550.asm
                UADDRbits   0x000f6e       data     extern C:\MCC18\src\traditional\proc\p18F4550.asm
                 UCFGbits   0x000f6f       data     extern C:\MCC18\src\traditional\proc\p18F4550.asm
                     UCFG   0x000f6f       data     extern C:\MCC18\src\traditional\proc\p18F4550.asm
                 UEP0bits   0x000f70       data     extern C:\MCC18\src\traditional\proc\p18F4550.asm
                     UEP0   0x000f70       data     extern C:\MCC18\src\traditional\proc\p18F4550.asm
                     UEP1   0x000f71       data     extern C:\MCC18\src\traditional\proc\p18F4550.asm
                 UEP1bits   0x000f71       data     extern C:\MCC18\src\traditional\proc\p18F4550.asm
                     UEP2   0x000f72       data     extern C:\MCC18\src\traditional\proc\p18F4550.asm
                 UEP2bits   0x000f72       data     extern C:\MCC18\src\traditional\proc\p18F4550.asm
                 UEP3bits   0x000f73       data     extern C:\MCC18\src\traditional\proc\p18F4550.asm
                     UEP3   0x000f73       data     extern C:\MCC18\src\traditional\proc\p18F4550.asm
                 UEP4bits   0x000f74       data     extern C:\MCC18\src\traditional\proc\p18F4550.asm
                     UEP4   0x000f74       data     extern C:\MCC18\src\traditional\proc\p18F4550.asm
                     UEP5   0x000f75       data     extern C:\MCC18\src\traditional\proc\p18F4550.asm
                 UEP5bits   0x000f75       data     extern C:\MCC18\src\traditional\proc\p18F4550.asm
                     UEP6   0x000f76       data     extern C:\MCC18\src\traditional\proc\p18F4550.asm
                 UEP6bits   0x000f76       data     extern C:\MCC18\src\traditional\proc\p18F4550.asm
                     UEP7   0x000f77       data     extern C:\MCC18\src\traditional\proc\p18F4550.asm
                 UEP7bits   0x000f77       data     extern C:\MCC18\src\traditional\proc\p18F4550.asm
                 UEP8bits   0x000f78       data     extern C:\MCC18\src\traditional\proc\p18F4550.asm
                     UEP8   0x000f78       data     extern C:\MCC18\src\traditional\proc\p18F4550.asm
                 UEP9bits   0x000f79       data     extern C:\MCC18\src\traditional\proc\p18F4550.asm
                     UEP9   0x000f79       data     extern C:\MCC18\src\traditional\proc\p18F4550.asm
                UEP10bits   0x000f7a       data     extern C:\MCC18\src\traditional\proc\p18F4550.asm
                    UEP10   0x000f7a       data     extern C:\MCC18\src\traditional\proc\p18F4550.asm
                    UEP11   0x000f7b       data     extern C:\MCC18\src\traditional\proc\p18F4550.asm
                UEP11bits   0x000f7b       data     extern C:\MCC18\src\traditional\proc\p18F4550.asm
                    UEP12   0x000f7c       data     extern C:\MCC18\src\traditional\proc\p18F4550.asm
                UEP12bits   0x000f7c       data     extern C:\MCC18\src\traditional\proc\p18F4550.asm
                    UEP13   0x000f7d       data     extern C:\MCC18\src\traditional\proc\p18F4550.asm
                UEP13bits   0x000f7d       data     extern C:\MCC18\src\traditional\proc\p18F4550.asm
                    UEP14   0x000f7e       data     extern C:\MCC18\src\traditional\proc\p18F4550.asm
                UEP14bits   0x000f7e       data     extern C:\MCC18\src\traditional\proc\p18F4550.asm
                UEP15bits   0x000f7f       data     extern C:\MCC18\src\traditional\proc\p18F4550.asm
                    UEP15   0x000f7f       data     extern C:\MCC18\src\traditional\proc\p18F4550.asm
                    PORTA   0x000f80       data     extern C:\MCC18\src\traditional\proc\p18F4550.asm
                PORTAbits   0x000f80       data     extern C:\MCC18\src\traditional\proc\p18F4550.asm
                PORTBbits   0x000f81       data     extern C:\MCC18\src\traditional\proc\p18F4550.asm
                    PORTB   0x000f81       data     extern C:\MCC18\src\traditional\proc\p18F4550.asm
                PORTCbits   0x000f82       data     extern C:\MCC18\src\traditional\proc\p18F4550.asm
                    PORTC   0x000f82       data     extern C:\MCC18\src\traditional\proc\p18F4550.asm
                PORTDbits   0x000f83       data     extern C:\MCC18\src\traditional\proc\p18F4550.asm
                    PORTD   0x000f83       data     extern C:\MCC18\src\traditional\proc\p18F4550.asm
                    PORTE   0x000f84       data     extern C:\MCC18\src\traditional\proc\p18F4550.asm
                PORTEbits   0x000f84       data     extern C:\MCC18\src\traditional\proc\p18F4550.asm
                     LATA   0x000f89       data     extern C:\MCC18\src\traditional\proc\p18F4550.asm
                 LATAbits   0x000f89       data     extern C:\MCC18\src\traditional\proc\p18F4550.asm
                     LATB   0x000f8a       data     extern C:\MCC18\src\traditional\proc\p18F4550.asm
                 LATBbits   0x000f8a       data     extern C:\MCC18\src\traditional\proc\p18F4550.asm
                 LATCbits   0x000f8b       data     extern C:\MCC18\src\traditional\proc\p18F4550.asm
                     LATC   0x000f8b       data     extern C:\MCC18\src\traditional\proc\p18F4550.asm
                     LATD   0x000f8c       data     extern C:\MCC18\src\traditional\proc\p18F4550.asm
                 LATDbits   0x000f8c       data     extern C:\MCC18\src\traditional\proc\p18F4550.asm
                     LATE   0x000f8d       data     extern C:\MCC18\src\traditional\proc\p18F4550.asm
                 LATEbits   0x000f8d       data     extern C:\MCC18\src\traditional\proc\p18F4550.asm
                    TRISA   0x000f92       data     extern C:\MCC18\src\traditional\proc\p18F4550.asm
                     DDRA   0x000f92       data     extern C:\MCC18\src\traditional\proc\p18F4550.asm
                 DDRAbits   0x000f92       data     extern C:\MCC18\src\traditional\proc\p18F4550.asm
                TRISAbits   0x000f92       data     extern C:\MCC18\src\traditional\proc\p18F4550.asm
                 DDRBbits   0x000f93       data     extern C:\MCC18\src\traditional\proc\p18F4550.asm
                     DDRB   0x000f93       data     extern C:\MCC18\src\traditional\proc\p18F4550.asm
                    TRISB   0x000f93       data     extern C:\MCC18\src\traditional\proc\p18F4550.asm
                TRISBbits   0x000f93       data     extern C:\MCC18\src\traditional\proc\p18F4550.asm
                     DDRC   0x000f94       data     extern C:\MCC18\src\traditional\proc\p18F4550.asm
                 DDRCbits   0x000f94       data     extern C:\MCC18\src\traditional\proc\p18F4550.asm
                    TRISC   0x000f94       data     extern C:\MCC18\src\traditional\proc\p18F4550.asm
                TRISCbits   0x000f94       data     extern C:\MCC18\src\traditional\proc\p18F4550.asm
                    TRISD   0x000f95       data     extern C:\MCC18\src\traditional\proc\p18F4550.asm
                TRISDbits   0x000f95       data     extern C:\MCC18\src\traditional\proc\p18F4550.asm
                     DDRD   0x000f95       data     extern C:\MCC18\src\traditional\proc\p18F4550.asm
                 DDRDbits   0x000f95       data     extern C:\MCC18\src\traditional\proc\p18F4550.asm
                     DDRE   0x000f96       data     extern C:\MCC18\src\traditional\proc\p18F4550.asm
                 DDREbits   0x000f96       data     extern C:\MCC18\src\traditional\proc\p18F4550.asm
                    TRISE   0x000f96       data     extern C:\MCC18\src\traditional\proc\p18F4550.asm
                TRISEbits   0x000f96       data     extern C:\MCC18\src\traditional\proc\p18F4550.asm
                  OSCTUNE   0x000f9b       data     extern C:\MCC18\src\traditional\proc\p18F4550.asm
              OSCTUNEbits   0x000f9b       data     extern C:\MCC18\src\traditional\proc\p18F4550.asm
                     PIE1   0x000f9d       data     extern C:\MCC18\src\traditional\proc\p18F4550.asm
                 PIE1bits   0x000f9d       data     extern C:\MCC18\src\traditional\proc\p18F4550.asm
                     PIR1   0x000f9e       data     extern C:\MCC18\src\traditional\proc\p18F4550.asm
                 PIR1bits   0x000f9e       data     extern C:\MCC18\src\traditional\proc\p18F4550.asm
                 IPR1bits   0x000f9f       data     extern C:\MCC18\src\traditional\proc\p18F4550.asm
                     IPR1   0x000f9f       data     extern C:\MCC18\src\traditional\proc\p18F4550.asm
                 PIE2bits   0x000fa0       data     extern C:\MCC18\src\traditional\proc\p18F4550.asm
                     PIE2   0x000fa0       data     extern C:\MCC18\src\traditional\proc\p18F4550.asm
                 PIR2bits   0x000fa1       data     extern C:\MCC18\src\traditional\proc\p18F4550.asm
                     PIR2   0x000fa1       data     extern C:\MCC18\src\traditional\proc\p18F4550.asm
                     IPR2   0x000fa2       data     extern C:\MCC18\src\traditional\proc\p18F4550.asm
                 IPR2bits   0x000fa2       data     extern C:\MCC18\src\traditional\proc\p18F4550.asm
                   EECON1   0x000fa6       data     extern C:\MCC18\src\traditional\proc\p18F4550.asm
               EECON1bits   0x000fa6       data     extern C:\MCC18\src\traditional\proc\p18F4550.asm
                   EECON2   0x000fa7       data     extern C:\MCC18\src\traditional\proc\p18F4550.asm
                   EEDATA   0x000fa8       data     extern C:\MCC18\src\traditional\proc\p18F4550.asm
                    EEADR   0x000fa9       data     extern C:\MCC18\src\traditional\proc\p18F4550.asm
                RCSTAbits   0x000fab       data     extern C:\MCC18\src\traditional\proc\p18F4550.asm
                    RCSTA   0x000fab       data     extern C:\MCC18\src\traditional\proc\p18F4550.asm
                    TXSTA   0x000fac       data     extern C:\MCC18\src\traditional\proc\p18F4550.asm
                TXSTAbits   0x000fac       data     extern C:\MCC18\src\traditional\proc\p18F4550.asm
                    TXREG   0x000fad       data     extern C:\MCC18\src\traditional\proc\p18F4550.asm
                    RCREG   0x000fae       data     extern C:\MCC18\src\traditional\proc\p18F4550.asm
                    SPBRG   0x000faf       data     extern C:\MCC18\src\traditional\proc\p18F4550.asm
                   SPBRGH   0x000fb0       data     extern C:\MCC18\src\traditional\proc\p18F4550.asm
                T3CONbits   0x000fb1       data     extern C:\MCC18\src\traditional\proc\p18F4550.asm
                    T3CON   0x000fb1       data     extern C:\MCC18\src\traditional\proc\p18F4550.asm
                    TMR3L   0x000fb2       data     extern C:\MCC18\src\traditional\proc\p18F4550.asm
                    TMR3H   0x000fb3       data     extern C:\MCC18\src\traditional\proc\p18F4550.asm
                CMCONbits   0x000fb4       data     extern C:\MCC18\src\traditional\proc\p18F4550.asm
                    CMCON   0x000fb4       data     extern C:\MCC18\src\traditional\proc\p18F4550.asm
               CVRCONbits   0x000fb5       data     extern C:\MCC18\src\traditional\proc\p18F4550.asm
                   CVRCON   0x000fb5       data     extern C:\MCC18\src\traditional\proc\p18F4550.asm
                   CCP1AS   0x000fb6       data     extern C:\MCC18\src\traditional\proc\p18F4550.asm
               CCP1ASbits   0x000fb6       data     extern C:\MCC18\src\traditional\proc\p18F4550.asm
                  ECCP1AS   0x000fb6       data     extern C:\MCC18\src\traditional\proc\p18F4550.asm
              ECCP1ASbits   0x000fb6       data     extern C:\MCC18\src\traditional\proc\p18F4550.asm
             ECCP1DELbits   0x000fb7       data     extern C:\MCC18\src\traditional\proc\p18F4550.asm
                 ECCP1DEL   0x000fb7       data     extern C:\MCC18\src\traditional\proc\p18F4550.asm
                  CCP1DEL   0x000fb7       data     extern C:\MCC18\src\traditional\proc\p18F4550.asm
              CCP1DELbits   0x000fb7       data     extern C:\MCC18\src\traditional\proc\p18F4550.asm
                  BAUDCON   0x000fb8       data     extern C:\MCC18\src\traditional\proc\p18F4550.asm
              BAUDCONbits   0x000fb8       data     extern C:\MCC18\src\traditional\proc\p18F4550.asm
              CCP2CONbits   0x000fba       data     extern C:\MCC18\src\traditional\proc\p18F4550.asm
                  CCP2CON   0x000fba       data     extern C:\MCC18\src\traditional\proc\p18F4550.asm
                    CCPR2   0x000fbb       data     extern C:\MCC18\src\traditional\proc\p18F4550.asm
                   CCPR2L   0x000fbb       data     extern C:\MCC18\src\traditional\proc\p18F4550.asm
                   CCPR2H   0x000fbc       data     extern C:\MCC18\src\traditional\proc\p18F4550.asm
                 ECCP1CON   0x000fbd       data     extern C:\MCC18\src\traditional\proc\p18F4550.asm
             ECCP1CONbits   0x000fbd       data     extern C:\MCC18\src\traditional\proc\p18F4550.asm
                  CCP1CON   0x000fbd       data     extern C:\MCC18\src\traditional\proc\p18F4550.asm
              CCP1CONbits   0x000fbd       data     extern C:\MCC18\src\traditional\proc\p18F4550.asm
                    CCPR1   0x000fbe       data     extern C:\MCC18\src\traditional\proc\p18F4550.asm
                   CCPR1L   0x000fbe       data     extern C:\MCC18\src\traditional\proc\p18F4550.asm
                   CCPR1H   0x000fbf       data     extern C:\MCC18\src\traditional\proc\p18F4550.asm
               ADCON2bits   0x000fc0       data     extern C:\MCC18\src\traditional\proc\p18F4550.asm
                   ADCON2   0x000fc0       data     extern C:\MCC18\src\traditional\proc\p18F4550.asm
               ADCON1bits   0x000fc1       data     extern C:\MCC18\src\traditional\proc\p18F4550.asm
                   ADCON1   0x000fc1       data     extern C:\MCC18\src\traditional\proc\p18F4550.asm
                   ADCON0   0x000fc2       data     extern C:\MCC18\src\traditional\proc\p18F4550.asm
               ADCON0bits   0x000fc2       data     extern C:\MCC18\src\traditional\proc\p18F4550.asm
                    ADRES   0x000fc3       data     extern C:\MCC18\src\traditional\proc\p18F4550.asm
                   ADRESL   0x000fc3       data     extern C:\MCC18\src\traditional\proc\p18F4550.asm
                   ADRESH   0x000fc4       data     extern C:\MCC18\src\traditional\proc\p18F4550.asm
                  SSPCON2   0x000fc5       data     extern C:\MCC18\src\traditional\proc\p18F4550.asm
              SSPCON2bits   0x000fc5       data     extern C:\MCC18\src\traditional\proc\p18F4550.asm
                  SSPCON1   0x000fc6       data     extern C:\MCC18\src\traditional\proc\p18F4550.asm
              SSPCON1bits   0x000fc6       data     extern C:\MCC18\src\traditional\proc\p18F4550.asm
                  SSPSTAT   0x000fc7       data     extern C:\MCC18\src\traditional\proc\p18F4550.asm
              SSPSTATbits   0x000fc7       data     extern C:\MCC18\src\traditional\proc\p18F4550.asm
                   SSPADD   0x000fc8       data     extern C:\MCC18\src\traditional\proc\p18F4550.asm
                   SSPBUF   0x000fc9       data     extern C:\MCC18\src\traditional\proc\p18F4550.asm
                T2CONbits   0x000fca       data     extern C:\MCC18\src\traditional\proc\p18F4550.asm
                    T2CON   0x000fca       data     extern C:\MCC18\src\traditional\proc\p18F4550.asm
                      PR2   0x000fcb       data     extern C:\MCC18\src\traditional\proc\p18F4550.asm
                     TMR2   0x000fcc       data     extern C:\MCC18\src\traditional\proc\p18F4550.asm
                T1CONbits   0x000fcd       data     extern C:\MCC18\src\traditional\proc\p18F4550.asm
                    T1CON   0x000fcd       data     extern C:\MCC18\src\traditional\proc\p18F4550.asm
                    TMR1L   0x000fce       data     extern C:\MCC18\src\traditional\proc\p18F4550.asm
                    TMR1H   0x000fcf       data     extern C:\MCC18\src\traditional\proc\p18F4550.asm
                     RCON   0x000fd0       data     extern C:\MCC18\src\traditional\proc\p18F4550.asm
                 RCONbits   0x000fd0       data     extern C:\MCC18\src\traditional\proc\p18F4550.asm
                   WDTCON   0x000fd1       data     extern C:\MCC18\src\traditional\proc\p18F4550.asm
               WDTCONbits   0x000fd1       data     extern C:\MCC18\src\traditional\proc\p18F4550.asm
               LVDCONbits   0x000fd2       data     extern C:\MCC18\src\traditional\proc\p18F4550.asm
                   LVDCON   0x000fd2       data     extern C:\MCC18\src\traditional\proc\p18F4550.asm
              HLVDCONbits   0x000fd2       data     extern C:\MCC18\src\traditional\proc\p18F4550.asm
                  HLVDCON   0x000fd2       data     extern C:\MCC18\src\traditional\proc\p18F4550.asm
               OSCCONbits   0x000fd3       data     extern C:\MCC18\src\traditional\proc\p18F4550.asm
                   OSCCON   0x000fd3       data     extern C:\MCC18\src\traditional\proc\p18F4550.asm
                    T0CON   0x000fd5       data     extern C:\MCC18\src\traditional\proc\p18F4550.asm
                T0CONbits   0x000fd5       data     extern C:\MCC18\src\traditional\proc\p18F4550.asm
                    TMR0L   0x000fd6       data     extern C:\MCC18\src\traditional\proc\p18F4550.asm
                    TMR0H   0x000fd7       data     extern C:\MCC18\src\traditional\proc\p18F4550.asm
               STATUSbits   0x000fd8       data     extern C:\MCC18\src\traditional\proc\p18F4550.asm
                   STATUS   0x000fd8       data     extern C:\MCC18\src\traditional\proc\p18F4550.asm
                    FSR2L   0x000fd9       data     extern C:\MCC18\src\traditional\proc\p18F4550.asm
                     FSR2   0x000fd9       data     extern C:\MCC18\src\traditional\proc\p18F4550.asm
                    FSR2H   0x000fda       data     extern C:\MCC18\src\traditional\proc\p18F4550.asm
                   PLUSW2   0x000fdb       data     extern C:\MCC18\src\traditional\proc\p18F4550.asm
                  PREINC2   0x000fdc       data     extern C:\MCC18\src\traditional\proc\p18F4550.asm
                 POSTDEC2   0x000fdd       data     extern C:\MCC18\src\traditional\proc\p18F4550.asm
                 POSTINC2   0x000fde       data     extern C:\MCC18\src\traditional\proc\p18F4550.asm
                    INDF2   0x000fdf       data     extern C:\MCC18\src\traditional\proc\p18F4550.asm
                      BSR   0x000fe0       data     extern C:\MCC18\src\traditional\proc\p18F4550.asm
                     FSR1   0x000fe1       data     extern C:\MCC18\src\traditional\proc\p18F4550.asm
                    FSR1L   0x000fe1       data     extern C:\MCC18\src\traditional\proc\p18F4550.asm
                    FSR1H   0x000fe2       data     extern C:\MCC18\src\traditional\proc\p18F4550.asm
                   PLUSW1   0x000fe3       data     extern C:\MCC18\src\traditional\proc\p18F4550.asm
                  PREINC1   0x000fe4       data     extern C:\MCC18\src\traditional\proc\p18F4550.asm
                 POSTDEC1   0x000fe5       data     extern C:\MCC18\src\traditional\proc\p18F4550.asm
                 POSTINC1   0x000fe6       data     extern C:\MCC18\src\traditional\proc\p18F4550.asm
                    INDF1   0x000fe7       data     extern C:\MCC18\src\traditional\proc\p18F4550.asm
                     WREG   0x000fe8       data     extern C:\MCC18\src\traditional\proc\p18F4550.asm
                     FSR0   0x000fe9       data     extern C:\MCC18\src\traditional\proc\p18F4550.asm
                    FSR0L   0x000fe9       data     extern C:\MCC18\src\traditional\proc\p18F4550.asm
                    FSR0H   0x000fea       data     extern C:\MCC18\src\traditional\proc\p18F4550.asm
                   PLUSW0   0x000feb       data     extern C:\MCC18\src\traditional\proc\p18F4550.asm
                  PREINC0   0x000fec       data     extern C:\MCC18\src\traditional\proc\p18F4550.asm
                 POSTDEC0   0x000fed       data     extern C:\MCC18\src\traditional\proc\p18F4550.asm
                 POSTINC0   0x000fee       data     extern C:\MCC18\src\traditional\proc\p18F4550.asm
                    INDF0   0x000fef       data     extern C:\MCC18\src\traditional\proc\p18F4550.asm
              INTCON3bits   0x000ff0       data     extern C:\MCC18\src\traditional\proc\p18F4550.asm
                  INTCON3   0x000ff0       data     extern C:\MCC18\src\traditional\proc\p18F4550.asm
              INTCON2bits   0x000ff1       data     extern C:\MCC18\src\traditional\proc\p18F4550.asm
                  INTCON2   0x000ff1       data     extern C:\MCC18\src\traditional\proc\p18F4550.asm
               INTCONbits   0x000ff2       data     extern C:\MCC18\src\traditional\proc\p18F4550.asm
                   INTCON   0x000ff2       data     extern C:\MCC18\src\traditional\proc\p18F4550.asm
                     PROD   0x000ff3       data     extern C:\MCC18\src\traditional\proc\p18F4550.asm
                    PRODL   0x000ff3       data     extern C:\MCC18\src\traditional\proc\p18F4550.asm
                    PRODH   0x000ff4       data     extern C:\MCC18\src\traditional\proc\p18F4550.asm
                   TABLAT   0x000ff5       data     extern C:\MCC18\src\traditional\proc\p18F4550.asm
                   TBLPTR   0x000ff6       data     extern C:\MCC18\src\traditional\proc\p18F4550.asm
                  TBLPTRL   0x000ff6       data     extern C:\MCC18\src\traditional\proc\p18F4550.asm
                  TBLPTRH   0x000ff7       data     extern C:\MCC18\src\traditional\proc\p18F4550.asm
                  TBLPTRU   0x000ff8       data     extern C:\MCC18\src\traditional\proc\p18F4550.asm
                      PCL   0x000ff9       data     extern C:\MCC18\src\traditional\proc\p18F4550.asm
                       PC   0x000ff9       data     extern C:\MCC18\src\traditional\proc\p18F4550.asm
                   PCLATH   0x000ffa       data     extern C:\MCC18\src\traditional\proc\p18F4550.asm
                   PCLATU   0x000ffb       data     extern C:\MCC18\src\traditional\proc\p18F4550.asm
                   STKPTR   0x000ffc       data     extern C:\MCC18\src\traditional\proc\p18F4550.asm
               STKPTRbits   0x000ffc       data     extern C:\MCC18\src\traditional\proc\p18F4550.asm
                      TOS   0x000ffd       data     extern C:\MCC18\src\traditional\proc\p18F4550.asm
                     TOSL   0x000ffd       data     extern C:\MCC18\src\traditional\proc\p18F4550.asm
                     TOSH   0x000ffe       data     extern C:\MCC18\src\traditional\proc\p18F4550.asm
                     TOSU   0x000fff       data     extern C:\MCC18\src\traditional\proc\p18F4550.asm


